Archive member included to satisfy reference by file (symbol)

/home/poe/dev/hardware/spotwelder/code/ch32fun/misc/libgcc.a(muldi3.o)
                              /tmp/ccVnnXfM.ltrans0.ltrans.o (__mulsi3)
/home/poe/dev/hardware/spotwelder/code/ch32fun/misc/libgcc.a(div.o)
                              /tmp/ccVnnXfM.ltrans0.ltrans.o (__divsi3)

Discarded input sections

 .data          0x00000000       0x24 /tmp/ccVnnXfM.ltrans0.ltrans.o
 .comment       0x00000000       0x27 /tmp/ccVnnXfM.ltrans0.ltrans.o
 .note.GNU-stack
                0x00000000        0x0 /tmp/ccVnnXfM.ltrans0.ltrans.o
 .comment       0x00000000       0x27 /tmp/cclq1wXF.debug.temp.o
 .note.GNU-stack
                0x00000000        0x0 /tmp/cclq1wXF.debug.temp.o
 .comment       0x00000000       0x27 /tmp/ccLzv5at.debug.temp.o
 .note.GNU-stack
                0x00000000        0x0 /tmp/ccLzv5at.debug.temp.o
 .comment       0x00000000       0x27 /tmp/ccydVxf8.debug.temp.o
 .note.GNU-stack
                0x00000000        0x0 /tmp/ccydVxf8.debug.temp.o
 .data          0x00000000        0x0 /home/poe/dev/hardware/spotwelder/code/ch32fun/misc/libgcc.a(muldi3.o)
 .bss           0x00000000        0x0 /home/poe/dev/hardware/spotwelder/code/ch32fun/misc/libgcc.a(muldi3.o)
 .data          0x00000000        0x0 /home/poe/dev/hardware/spotwelder/code/ch32fun/misc/libgcc.a(div.o)
 .bss           0x00000000        0x0 /home/poe/dev/hardware/spotwelder/code/ch32fun/misc/libgcc.a(div.o)

Memory Configuration

Name             Origin             Length             Attributes
FLASH            0x00000000         0x00004000         xr
RAM              0x20000000         0x00000800         xrw
*default*        0x00000000         0xffffffff

Linker script and memory map

LOAD CMakeFiles/firmware.dir/src/main.cpp.obj
LOAD /tmp/ccVnnXfM.ltrans0.ltrans.o
LOAD /tmp/cclq1wXF.debug.temp.o
LOAD /tmp/ccLzv5at.debug.temp.o
LOAD /tmp/ccydVxf8.debug.temp.o
LOAD CMakeFiles/firmware.dir/src/st7789.c.obj
LOAD CMakeFiles/firmware.dir/ch32fun/ch32fun/ch32fun.c.obj
LOAD /home/poe/dev/hardware/spotwelder/code/ch32fun/misc/libgcc.a

.init           0x00000000       0xa0
                0x00000000                        _sinit = .
                0x00000000                        . = ALIGN (0x4)
 *(SORT_NONE(.init))
 .init          0x00000000       0x9e /tmp/ccVnnXfM.ltrans0.ltrans.o
                0x00000000                InterruptVectorDefault
                0x00000000                InterruptVector
                0x000000a0                        . = ALIGN (0x4)
 *fill*         0x0000009e        0x2 
                0x000000a0                        _einit = .

.text           0x000000a0     0x15c8
                0x000000a0                        . = ALIGN (0x4)
 *(.text)
 .text          0x000000a0      0xeca /tmp/ccVnnXfM.ltrans0.ltrans.o
                0x0000072e                strlen
                0x000008de                printf
                0x00000900                vprintf
                0x0000093c                snprintf
                0x00000952                sprintf
                0x00000972                memset
                0x00000984                strcpy
                0x00000998                strncpy
                0x000009b4                strcmp
                0x000009ce                strncmp
                0x00000a0a                strchr
                0x00000a20                strrchr
                0x00000a54                memcpy
                0x00000a70                memcmp
                0x00000a90                memmove
                0x00000ae8                memchr
                0x00000b02                strnlen
                0x00000d40                strstr
                0x00000e50                puts
                0x00000e80                setjmp
                0x00000e90                longjmp
                0x00000ea4                putchar
                0x00000f16                SystemInit
 *fill*         0x00000f6a        0x2 
 .text          0x00000f6c       0x16 /home/poe/dev/hardware/spotwelder/code/ch32fun/misc/libgcc.a(muldi3.o)
                0x00000f6c                __mulsi3
 *fill*         0x00000f82        0x2 
 .text          0x00000f84       0x7e /home/poe/dev/hardware/spotwelder/code/ch32fun/misc/libgcc.a(div.o)
                0x00000f84                __divsi3
                0x00000f8c                __hidden___udivsi3
                0x00000f8c                __udivsi3
                0x00000fb8                __umodsi3
                0x00000fdc                __modsi3
 *(.text.*)
 .text.handle_reset
                0x00001002       0x7e /tmp/ccVnnXfM.ltrans0.ltrans.o
                0x00001002                handle_reset
 .text.vector_handler
                0x00001080       0x62 /tmp/ccVnnXfM.ltrans0.ltrans.o
                0x00001080                EXTI2_IRQHandler
                0x00001080                TIM8_TRG_COM_IRQHandler
                0x00001080                TIM8_CC_IRQHandler
                0x00001080                USART_WKUP_IRQHandler
                0x00001080                UART8_IRQHandler
                0x00001080                SPI4_IRQHandler
                0x00001080                NFC_IRQHandler
                0x00001080                DFSDM0_IRQHandler
                0x00001080                TIM1_CC_IRQHandler
                0x00001080                HardFault_Handler
                0x00001080                TIM10_IRQHandler
                0x00001080                GPIOB_IRQHandler
                0x00001080                IPC_CH2_Handler
                0x00001080                USBPD_IRQHandler
                0x00001080                TIM6_IRQHandler
                0x00001080                GPIOA_IRQHandler
                0x00001080                SysTick_Handler
                0x00001080                CAN3_RX1_IRQHandler
                0x00001080                I3C_ER_IRQHandler
                0x00001080                PVD_IRQHandler
                0x00001080                SDIO_IRQHandler
                0x00001080                TIM9_BRK_IRQHandler
                0x00001080                DMA2_Channel8_IRQHandler
                0x00001080                CAN2_RX1_IRQHandler
                0x00001080                EXTI3_IRQHandler
                0x00001080                HSEM_Handler
                0x00001080                UART1_IRQHandler
                0x00001080                USBHS_IRQHandler
                0x00001080                LPTIM2_IRQHandler
                0x00001080                DMA2_Channel9_IRQHandler
                0x00001080                TIM10_CC_IRQHandler
                0x00001080                EXTI25_16_IRQHandler
                0x00001080                I2C3_ER_IRQHandler
                0x00001080                USBFS_IRQHandler
                0x00001080                UART0_IRQHandler
                0x00001080                USART8_IRQHandler
                0x00001080                EXTI0_IRQHandler
                0x00001080                I2C2_EV_IRQHandler
                0x00001080                TIM10_TRG_COM_IRQHandler
                0x00001080                LPTIM_IRQHandler
                0x00001080                CAN1_RX0_IRQHandler
                0x00001080                CAN3_SCE_IRQHandler
                0x00001080                CAN2_SCE_IRQHandler
                0x00001080                ADC1_2_IRQHandler
                0x00001080                BB_IRQHandler
                0x00001080                Break_Point_Handler
                0x00001080                IPC_CH0_Handler
                0x00001080                TIM2_CC_IRQHandler
                0x00001080                SPI1_IRQHandler
                0x00001080                USART5_IRQHandler
                0x00001080                TAMPER_IRQHandler
                0x00001080                TMR0_IRQHandler
                0x00001080                AWU_IRQHandler
                0x00001080                EXTI7_0_IRQHandler
                0x00001080                CAN2_RX0_IRQHandler
                0x00001080                OSCWakeUp_IRQHandler
                0x00001080                TIM8_UP_IRQHandler
                0x00001080                Ecall_M_Mode_Handler
                0x00001080                ECDC_IRQHandler
                0x00001080                SDMMC_IRQHandler
                0x00001080                USART7_IRQHandler
                0x00001080                DMA2_Channel2_IRQHandler
                0x00001080                DMA1_Channel4_IRQHandler
                0x00001080                ADC1_IRQHandler
                0x00001080                TIM2_BRK_IRQHandler
                0x00001080                USART6_IRQHandler
                0x00001080                CAN3_RX0_IRQHandler
                0x00001080                HSADC_IRQHandler
                0x00001080                TIM9_UP_IRQHandler
                0x00001080                USART3_IRQHandler
                0x00001080                RTC_IRQHandler
                0x00001080                DMA1_Channel7_IRQHandler
                0x00001080                LED_IRQHandler
                0x00001080                CAN1_RX1_IRQHandler
                0x00001080                DVP_IRQHandler
                0x00001080                UART5_IRQHandler
                0x00001080                USBSS_IRQHandler
                0x00001080                SWPMI_IRQHandler
                0x00001080                USBPDWakeUp_IRQHandler
                0x00001080                EXTI15_8_IRQHandler
                0x00001080                TIM4_IRQHandler
                0x00001080                DMA2_Channel1_IRQHandler
                0x00001080                SWPMI_WKUP_IRQHandler
                0x00001080                USBPD_WKUP_IRQHandler
                0x00001080                I2C1_EV_IRQHandler
                0x00001080                USBSSWakeup_IRQHandler
                0x00001080                UART2_IRQHandler
                0x00001080                USART4_IRQHandler
                0x00001080                PWMX_IRQHandler
                0x00001080                DMA1_Channel6_IRQHandler
                0x00001080                UART4_IRQHandler
                0x00001080                DMA2_Channel4_IRQHandler
                0x00001080                TIM3_IRQHandler
                0x00001080                RCC_IRQHandler
                0x00001080                TIM1_TRG_COM_IRQHandler
                0x00001080                DMA1_Channel1_IRQHandler
                0x00001080                DMA2_Channel7_IRQHandler
                0x00001080                QSPI1_IRQHandler
                0x00001080                EXTI15_10_IRQHandler
                0x00001080                ADC_IRQHandler
                0x00001080                IPC_CH3_Handler
                0x00001080                DMA1_Channel8_IRQHandler
                0x00001080                I3C_EV_IRQHandler
                0x00001080                TMR2_IRQHandler
                0x00001080                I3C_WKUP_IRQHandler
                0x00001080                DefaultIRQHandler
                0x00001080                TIM12_IRQHandler
                0x00001080                TIM7_IRQHandler
                0x00001080                CAN2_TX_IRQHandler
                0x00001080                TIM5_IRQHandler
                0x00001080                I2C3_EV_IRQHandler
                0x00001080                USB_IRQHandler
                0x00001080                EXTI9_5_IRQHandler
                0x00001080                PIOC_IRQHandler
                0x00001080                TIM9_IRQHandler
                0x00001080                LTDC_IRQHandler
                0x00001080                SAI_IRQHandler
                0x00001080                SPI2_IRQHandler
                0x00001080                OSC32KCal_IRQHandler
                0x00001080                IPC_CH1_Handler
                0x00001080                I2C_IRQHandler
                0x00001080                LPTIM1_WKUP_IRQHandler
                0x00001080                TIM10_BRK_IRQHandler
                0x00001080                TIM9_CC_IRQHandler
                0x00001080                CAN1_TX_IRQHandler
                0x00001080                DMA2_Channel5_IRQHandler
                0x00001080                USB2_IRQHandler
                0x00001080                USBHSWakeUp_IRQHandler
                0x00001080                DMA1_Channel5_IRQHandler
                0x00001080                EXTI4_IRQHandler
                0x00001080                USB_LP_CAN1_RX0_IRQHandler
                0x00001080                QSPI2_IRQHandler
                0x00001080                RNG_IRQHandler
                0x00001080                USB_HP_CAN1_TX_IRQHandler
                0x00001080                LLE_IRQHandler
                0x00001080                CMPWakeUp_IRQHandler
                0x00001080                DMA1_Channel3_IRQHandler
                0x00001080                FSMC_IRQHandler
                0x00001080                ETH_IRQHandler
                0x00001080                TIM1_UP_IRQHandler
                0x00001080                LPTIMWakeUp_IRQHandler
                0x00001080                WWDG_IRQHandler
                0x00001080                USBHSWakeup_IRQHandler
                0x00001080                DMA2_Channel11_IRQHandler
                0x00001080                WDOG_BAT_IRQHandler
                0x00001080                Ecall_U_Mode_Handler
                0x00001080                I2C4_EV_IRQHandler
                0x00001080                CAN3_TX_IRQHandler
                0x00001080                TMR3_IRQHandler
                0x00001080                DMA2_Channel6_IRQHandler
                0x00001080                TIM2_IRQHandler
                0x00001080                SW_Handler
                0x00001080                TIM1_BRK_IRQHandler
                0x00001080                GPHA_IRQHandler
                0x00001080                OPA_IRQHandler
                0x00001080                DMA2_Channel10_IRQHandler
                0x00001080                EXTI1_IRQHandler
                0x00001080                SPI0_IRQHandler
                0x00001080                USB2_HOST_IRQHandler
                0x00001080                LPTIM2_WKUP_IRQHandler
                0x00001080                RTCAlarm_IRQHandler
                0x00001080                TIM11_IRQHandler
                0x00001080                TIM10_UP_IRQHandler
                0x00001080                TIM9_TRG_COM_IRQHandler
                0x00001080                UART7_IRQHandler
                0x00001080                USART2_IRQHandler
                0x00001080                UART6_IRQHandler
                0x00001080                UHSIF_IRQHandler
                0x00001080                ETHWakeUp_IRQHandler
                0x00001080                I2C2_ER_IRQHandler
                0x00001080                DMA1_Channel2_IRQHandler
                0x00001080                TIM8_BRK_IRQHandler
                0x00001080                TIM2_TRG_IRQHandler
                0x00001080                CAN1_SCE_IRQHandler
                0x00001080                FLASH_IRQHandler
                0x00001080                USBFSWakeUp_IRQHandler
                0x00001080                USART1_IRQHandler
                0x00001080                OTG_FS_IRQHandler
                0x00001080                SPI3_IRQHandler
                0x00001080                USBFS_WakeUp_IRQHandler
                0x00001080                UART3_IRQHandler
                0x00001080                I2C1_ER_IRQHandler
                0x00001080                FMC_IRQHandler
                0x00001080                USB2_DEVICE_IRQHandler
                0x00001080                LPTIM1_IRQHandler
                0x00001080                DFSDM1_IRQHandler
                0x00001080                TMR1_IRQHandler
                0x00001080                I2C4_ER_IRQHandler
                0x00001080                SERDES_IRQHandler
                0x00001080                USBSS_LINK_IRQHandler
                0x00001080                USBWakeUp_IRQHandler
                0x00001080                DMA2_Channel3_IRQHandler
                0x000010d4                NMI_Handler
                0x000010d4                NMI_RCC_CSS_IRQHandler
 .text.startup  0x000010e2      0x2ba /tmp/ccVnnXfM.ltrans0.ltrans.o
                0x000010e2                main
 *(.rodata)
 *fill*         0x0000139c        0x0 
 .rodata        0x0000139c      0x2c8 /tmp/ccVnnXfM.ltrans0.ltrans.o
 *(.rodata*)
 .rodata.str1.4
                0x00001664        0x2 /tmp/ccVnnXfM.ltrans0.ltrans.o
 *(.gnu.linkonce.t.*)
                0x00001668                        . = ALIGN (0x4)
 *fill*         0x00001666        0x2 

.rela.dyn       0x00001668        0x0
 .rela.text.handle_reset
                0x00001668        0x0 /tmp/ccVnnXfM.ltrans0.ltrans.o

.fini           0x00001668        0x0
 *(SORT_NONE(.fini))
                0x00001668                        . = ALIGN (0x4)
                [!provide]                        PROVIDE (_etext = .)
                [!provide]                        PROVIDE (_eitcm = .)

.preinit_array  0x00001668        0x0
                [!provide]                        PROVIDE (__preinit_array_start = .)
 *(.preinit_array)
                [!provide]                        PROVIDE (__preinit_array_end = .)

.init_array     0x00001668        0x0
                0x00001668                        PROVIDE (__init_array_start = .)
 *(SORT_BY_INIT_PRIORITY(.init_array.*) SORT_BY_INIT_PRIORITY(.ctors.*))
 *(.init_array EXCLUDE_FILE(*crtend?.o *crtend.o *crtbegin?.o *crtbegin.o) .ctors)
                0x00001668                        PROVIDE (__init_array_end = .)

.fini_array     0x00001668        0x0
                [!provide]                        PROVIDE (__fini_array_start = .)
 *(SORT_BY_INIT_PRIORITY(.fini_array.*) SORT_BY_INIT_PRIORITY(.dtors.*))
 *(.fini_array EXCLUDE_FILE(*crtend?.o *crtend.o *crtbegin?.o *crtbegin.o) .dtors)
                [!provide]                        PROVIDE (__fini_array_end = .)

.ctors
 *crtbegin.o(.ctors)
 *crtbegin?.o(.ctors)
 *(EXCLUDE_FILE(*crtend?.o *crtend.o) .ctors)
 *(SORT_BY_NAME(.ctors.*))
 *(.ctors)

.dtors
 *crtbegin.o(.dtors)
 *crtbegin?.o(.dtors)
 *(EXCLUDE_FILE(*crtend?.o *crtend.o) .dtors)
 *(SORT_BY_NAME(.dtors.*))
 *(.dtors)

.dalign         0x20000000        0x0 load address 0x00001668
                0x20000000                        . = ALIGN (0x4)
                0x20000000                        PROVIDE (_data_vma = .)

.dlalign        0x00001668        0x0
                0x00001668                        . = ALIGN (0x4)
                0x00001668                        PROVIDE (_data_lma = .)

.data           0x20000000        0x8 load address 0x00001668
                0x20000000                        . = ALIGN (0x4)
                0x200003fc                        __global_pointer$ = (. + 0x3fc)
 *(.gnu.linkonce.r.*)
 *(.data .data.*)
 *(.gnu.linkonce.d.*)
                0x20000000                        . = ALIGN (0x8)
 *(.sdata .sdata.*)
 .sdata         0x20000000        0x4 /tmp/ccVnnXfM.ltrans0.ltrans.o
 *(.sdata2*)
 *(.gnu.linkonce.s.*)
                0x20000008                        . = ALIGN (0x8)
 *fill*         0x20000004        0x4 
 *(.srodata.cst16)
 *(.srodata.cst8)
 *(.srodata.cst4)
 *(.srodata.cst2)
 *(.srodata .srodata.*)
                0x20000008                        . = ALIGN (0x4)
                0x20000008                        PROVIDE (_edata = .)

.bss            0x20000008      0x200 load address 0x00001670
                0x20000008                        . = ALIGN (0x4)
                0x20000008                        PROVIDE (_sbss = .)
 *(.sbss*)
 .sbss          0x20000008       0x14 /tmp/ccVnnXfM.ltrans0.ltrans.o
 *(.gnu.linkonce.sb.*)
 *(.bss*)
 .bss           0x2000001c      0x1ec /tmp/ccVnnXfM.ltrans0.ltrans.o
 *(.gnu.linkonce.b.*)
 *(COMMON*)
                0x20000208                        . = ALIGN (0x4)
                0x20000208                        PROVIDE (_ebss = .)
                [!provide]                        PROVIDE (_end = _ebss)
                [!provide]                        PROVIDE (end = .)
                0x20000800                        PROVIDE (_eusrstack = (ORIGIN (RAM) + LENGTH (RAM)))

/DISCARD/
 *(.note .note.*)
 *(.eh_frame .eh_frame.*)
 *(.comment .comment.*)
 *(.ARM.extab* .gnu.linkonce.armextab.*)
 *(.ARM.exidx*)
OUTPUT(firmware elf32-littleriscv)

.riscv.attributes
                0x00000000       0x2c
 .riscv.attributes
                0x00000000       0x2c /tmp/ccVnnXfM.ltrans0.ltrans.o
 .riscv.attributes
                0x0000002c       0x1f /home/poe/dev/hardware/spotwelder/code/ch32fun/misc/libgcc.a(muldi3.o)
 .riscv.attributes
                0x0000004b       0x1f /home/poe/dev/hardware/spotwelder/code/ch32fun/misc/libgcc.a(div.o)

.debug_info     0x00000000     0x3d5d
 .debug_info    0x00000000     0x1c6b /tmp/ccVnnXfM.ltrans0.ltrans.o
 .debug_info    0x00001c6b      0x527 /tmp/cclq1wXF.debug.temp.o
                0x00001c6b                main.cpp.81a77201
 .debug_info    0x00002192      0x9eb /tmp/ccLzv5at.debug.temp.o
                0x00002192                st7789.c.3eda1f92
 .debug_info    0x00002b7d     0x1152 /tmp/ccydVxf8.debug.temp.o
                0x00002b7d                ch32fun.c.9db1407d
 .debug_info    0x00003ccf       0x31 /home/poe/dev/hardware/spotwelder/code/ch32fun/misc/libgcc.a(muldi3.o)
 .debug_info    0x00003d00       0x5d /home/poe/dev/hardware/spotwelder/code/ch32fun/misc/libgcc.a(div.o)

.debug_abbrev   0x00000000      0x932
 .debug_abbrev  0x00000000      0x1f5 /tmp/ccVnnXfM.ltrans0.ltrans.o
 .debug_abbrev  0x000001f5      0x265 /tmp/cclq1wXF.debug.temp.o
 .debug_abbrev  0x0000045a      0x210 /tmp/ccLzv5at.debug.temp.o
 .debug_abbrev  0x0000066a      0x278 /tmp/ccydVxf8.debug.temp.o
 .debug_abbrev  0x000008e2       0x28 /home/poe/dev/hardware/spotwelder/code/ch32fun/misc/libgcc.a(muldi3.o)
 .debug_abbrev  0x0000090a       0x28 /home/poe/dev/hardware/spotwelder/code/ch32fun/misc/libgcc.a(div.o)

.debug_loclists
                0x00000000     0x20d6
 .debug_loclists
                0x00000000     0x20d6 /tmp/ccVnnXfM.ltrans0.ltrans.o

.debug_aranges  0x00000000       0x88
 .debug_aranges
                0x00000000       0x48 /tmp/ccVnnXfM.ltrans0.ltrans.o
 .debug_aranges
                0x00000048       0x20 /home/poe/dev/hardware/spotwelder/code/ch32fun/misc/libgcc.a(muldi3.o)
 .debug_aranges
                0x00000068       0x20 /home/poe/dev/hardware/spotwelder/code/ch32fun/misc/libgcc.a(div.o)

.debug_rnglists
                0x00000000      0x205
 .debug_rnglists
                0x00000000      0x205 /tmp/ccVnnXfM.ltrans0.ltrans.o

.debug_line     0x00000000     0x32b8
 .debug_line    0x00000000     0x2fac /tmp/ccVnnXfM.ltrans0.ltrans.o
 .debug_line    0x00002fac       0x69 /tmp/cclq1wXF.debug.temp.o
 .debug_line    0x00003015       0x64 /tmp/ccLzv5at.debug.temp.o
 .debug_line    0x00003079       0x72 /tmp/ccydVxf8.debug.temp.o
 .debug_line    0x000030eb       0x7a /home/poe/dev/hardware/spotwelder/code/ch32fun/misc/libgcc.a(muldi3.o)
 .debug_line    0x00003165      0x153 /home/poe/dev/hardware/spotwelder/code/ch32fun/misc/libgcc.a(div.o)

.debug_str      0x00000000      0xe8b
 .debug_str     0x00000000      0xe8b /tmp/ccVnnXfM.ltrans0.ltrans.o
                                0x15c (size before relaxing)
 .debug_str     0x00000e8b        0x0 /tmp/cclq1wXF.debug.temp.o
                                0x5b4 (size before relaxing)
 .debug_str     0x00000e8b        0x0 /tmp/ccLzv5at.debug.temp.o
                                0x5bc (size before relaxing)
 .debug_str     0x00000e8b        0x0 /tmp/ccydVxf8.debug.temp.o
                                0x757 (size before relaxing)
 .debug_str     0x00000e8b        0x0 /home/poe/dev/hardware/spotwelder/code/ch32fun/misc/libgcc.a(muldi3.o)
                                 0xac (size before relaxing)
 .debug_str     0x00000e8b        0x0 /home/poe/dev/hardware/spotwelder/code/ch32fun/misc/libgcc.a(div.o)
                                 0xd9 (size before relaxing)

.debug_line_str
                0x00000000      0x325
 .debug_line_str
                0x00000000      0x325 /tmp/ccVnnXfM.ltrans0.ltrans.o
                                0x103 (size before relaxing)
 .debug_line_str
                0x00000325        0x0 /tmp/cclq1wXF.debug.temp.o
                                0x161 (size before relaxing)
 .debug_line_str
                0x00000325        0x0 /tmp/ccLzv5at.debug.temp.o
                                0x15a (size before relaxing)
 .debug_line_str
                0x00000325        0x0 /tmp/ccydVxf8.debug.temp.o
                                0x187 (size before relaxing)
 .debug_line_str
                0x00000325        0x0 /home/poe/dev/hardware/spotwelder/code/ch32fun/misc/libgcc.a(muldi3.o)
                                 0x95 (size before relaxing)
 .debug_line_str
                0x00000325        0x0 /home/poe/dev/hardware/spotwelder/code/ch32fun/misc/libgcc.a(div.o)
                                 0x92 (size before relaxing)

.debug_frame    0x00000000      0x4b4
 .debug_frame   0x00000000      0x4b4 /tmp/ccVnnXfM.ltrans0.ltrans.o
